Building vms for student 
  - Building master
[WARNING]: Found both group and host with same name: localhost

PLAY [localhost] ***************************************************************

TASK [Set create master env variables] *****************************************
changed: [localhost]

TASK [Set create workser env variables] ****************************************
skipping: [localhost]

PLAY RECAP *********************************************************************
localhost                  : ok=1    changed=1    unreachable=0    failed=0    skipped=1    rescued=0    ignored=0   

[WARNING]: Found both group and host with same name: localhost
[DEPRECATION WARNING]: "include" is deprecated, use include_tasks/import_tasks 
instead. See https://docs.ansible.com/ansible-
core/2.14/user_guide/playbooks_reuse_includes.html for details. This feature 
will be removed in version 2.16. Deprecation warnings can be disabled by 
setting deprecation_warnings=False in ansible.cfg.

PLAY [localhost] ***************************************************************

TASK [Set global variables] ****************************************************
ok: [localhost]

TASK [Set vm local variables] **************************************************
ok: [localhost]

TASK [Set subnet inside virbr] *************************************************
ok: [localhost]

TASK [Set ldapbase] ************************************************************
ok: [localhost]

TASK [Set ip] ******************************************************************
ok: [localhost]

TASK [Set FQDN] ****************************************************************
ok: [localhost]

TASK [Set REALM] ***************************************************************
ok: [localhost]

TASK [Set vm] ******************************************************************
ok: [localhost]

TASK [Create ansible group for new hosts] **************************************
changed: [localhost]

TASK [Delete ssh keys for template] ********************************************
changed: [localhost]

TASK [Delete ssh keys for ip] **************************************************
changed: [localhost]

TASK [Create ansible group for ipa server] *************************************
changed: [localhost]

TASK [Create data directory] ***************************************************
changed: [localhost]

TASK [Clone template] **********************************************************
changed: [localhost]

TASK [Change rootvg size] ******************************************************
changed: [localhost]

TASK [Set vcpus] ***************************************************************
changed: [localhost]

TASK [Set max memory] **********************************************************
changed: [localhost]

TASK [Set more memory] *********************************************************
changed: [localhost]

TASK [Start machine] ***********************************************************
changed: [localhost]

PLAY [basevm] ******************************************************************

TASK [pause] *******************************************************************
